(* Generated Thu Oct  8 20:27:09 2015 *)
fix f1 (p1:'a) : 'a list -> 'a list ->
  fix f2 (l1:'a list) : 'a list ->
    match l1 with
    | Nil u1 -> Cons (p1, Nil)
    | Cons t1 -> Cons (p1, f2 (#2 t1))
