(* Generated Thu Oct  8 20:27:05 2015 *)
fix f1 (f2:'a -> bool) : 'a list -> 'a list ->
  fix f3 (l1:'a list) : 'a list ->
    match l1 with
    | Nil u1 -> Nil
    | Cons t1 -> match f2 (#1 t1) with
      | True u1 -> Cons (#1 t1, f3 (#2 t1))
      | False u1 -> f3 (#2 t1)
