(* Generated Thu Oct  8 20:40:38 2015 *)
fun (b1:bool) ->
  fun (b2:bool) ->
    match b2 with
    | True u1 -> match b1 with
      | True u2 -> False
      | False u2 -> True
    | False u1 -> b1
