(* Generated Thu Oct  8 20:41:00 2015 *)
fix f1 (l1:list) : (nat -> bool) -> list ->
  fix f2 (f3:nat -> bool) : list ->
    match l1 with
    | Nil u1 -> Nil
    | Cons t1 -> match f3 (#1 t1) with
      | True u1 -> Cons (#1 t1, (f1 (#2 t1)) f3)
      | False u1 -> (f1 (#2 t1)) f3
