(* Generated Wed Nov 11 22:02:12 2015 *)
fix f1 (f2:nat -> nat -> bool) : nat -> list -> option ->
  fix f3 (n1:nat) : list -> option ->
    fix f4 (l1:list) : option ->
      match l1 with
      | Nil u1 -> None
      | Cons t1 -> match (f2 n1) (#1 (#1 t1)) with
        | False u1 -> f4 (#2 t1)
        | True u1 -> Some (#2 (#1 t1))
