(* Generated Thu Oct  8 20:41:15 2015 *)
fix f1 (l1:list) : nat -> list ->
  fix f2 (n1:nat) : list ->
    match l1 with
    | Nil u1 -> Cons (n1, Nil)
    | Cons t1 -> match (compare n1) (#1 t1) with
      | LT u1 -> Cons (n1, Cons (#1 t1, Nil))
      | EQ u1 -> Cons (n1, #2 t1)
      | GT u1 -> Cons (#1 t1, (f1 (#2 t1)) n1)
