(* Generated Thu Oct  8 20:40:53 2015 *)
fun (b1:bool) ->
  fun (b2:bool) ->
    match b1 with
    | True u1 -> b2
    | False u1 -> True
