(* Generated Thu Oct  8 20:40:45 2015 *)
fix f1 (l1:list) : list ->
  match l1 with
  | Nil u1 -> Nil
  | Cons t1 -> (snoc (f1 (#2 t1))) (#1 t1)
