(* Generated Thu Oct  8 20:41:10 2015 *)
fun (l1:list) ->
  match l1 with
  | Nil u1 -> Z
  | Cons t1 -> #1 t1
