(* Generated Thu Oct  8 20:40:43 2015 *)
fun (l1:list) ->
  match l1 with
  | Nil u1 -> Nil
  | Cons t1 -> #2 t1
