(* Generated Thu Oct  8 20:41:16 2015 *)
fix f1 (l1:list) : list ->
  match l1 with
  | Nil u1 -> Nil
  | Cons t1 -> Cons (#1 t1, Cons (#1 t1, f1 (#2 t1)))
