(* Generated Thu Oct  8 20:40:57 2015 *)
fix f1 (l1:llist) : list ->
  match l1 with
  | LNil u1 -> Nil
  | LCons t1 -> (append (#1 t1)) (f1 (#2 t1))
