(* Generated Thu Oct  8 20:41:20 2015 *)
fix f1 (l1:list) : nat -> list ->
  fix f2 (n1:nat) : list ->
    match l1 with
    | Nil u1 -> Cons (n1, Nil)
    | Cons t1 -> Cons (#1 t1, (f1 (#2 t1)) n1)
