(* Generated Thu Oct  8 20:41:43 2015 *)
fix f1 (t1:tree) : list ->
  match t1 with
  | Leaf u1 -> Nil
  | Node t2 -> (append (f1 (#1 t2))) ((append (f1 (#3 t2))) (Cons (#2 t2, Nil)))
