(* Generated Thu Oct  8 20:38:23 2015 *)
fun (b1:bool) ->
  fun (b2:bool) ->
    match b2 with
    | True u1 -> b1
    | False u1 -> False
