(* Generated Thu Oct  8 20:38:38 2015 *)
fix f1 (l1:list) : natopt ->
  match l1 with
  | Nil u1 -> None
  | Cons t1 -> match f1 (#2 t1) with
    | None u1 -> Some (#1 t1)
    | Some n1 -> Some n1
