(* Generated Wed Nov 11 22:01:33 2015 *)
fix f1 (f2:nat -> nat -> bool) : nat -> list -> bool ->
  fix f3 (n1:nat) : list -> bool ->
    fix f4 (l1:list) : bool ->
      match l1 with
      | Nil u1 -> False
      | Cons t1 -> match f4 (#2 t1) with
        | False u1 -> (f2 n1) (#1 (#1 t1))
        | True u1 -> True
