(* Generated Thu Oct  8 20:38:35 2015 *)
fun (l1:list) ->
  (map l1) (fun (n1:nat) ->
    S n1)
