(* Generated Thu Oct  8 20:27:04 2015 *)
fix f1 (l1:'a list) : nat ->
  match l1 with
  | Nil u1 -> Z
  | Cons t1 -> S (f1 (#2 t1))
